[templates.hibootstrap.com/cognizance/default/index.html]
[templates.hibootstrap.com/cognizance/default/assets/css/bootstrap.min.css]
[templates.hibootstrap.com/cognizance/default/assets/css/animate.min.css]
[templates.hibootstrap.com/cognizance/default/assets/css/owl.carousel.min.css]
[templates.hibootstrap.com/cognizance/default/assets/css/flaticon.css]
[templates.hibootstrap.com/cognizance/default/assets/css/magnific-popup.min.css]
[templates.hibootstrap.com/cognizance/default/assets/css/meanmenu.min.css]
[templates.hibootstrap.com/cognizance/default/assets/css/nice-select.min.css]
[templates.hibootstrap.com/cognizance/default/assets/css/boxicons.min.css]
[templates.hibootstrap.com/cognizance/default/assets/css/slick.min.css]
[templates.hibootstrap.com/cognizance/default/assets/css/odometer.min.css]
[templates.hibootstrap.com/cognizance/default/assets/css/datatables.min.css]
[templates.hibootstrap.com/cognizance/default/assets/css/style.css]
[templates.hibootstrap.com/cognizance/default/assets/css/dark.css]
[backblue.gif]
[fade.gif]
[index.html]
[templates.hibootstrap.com/cognizance/default/assets/css/responsive.css]
[templates.hibootstrap.com/cognizance/default/assets/img/favicon.png]
[templates.hibootstrap.com/cognizance/default/assets/img/logo.png]
[templates.hibootstrap.com/cognizance/default/assets/img/logo2.png]
[templates.hibootstrap.com/cognizance/default/index-2.html]
[templates.hibootstrap.com/cognizance/default/index-3.html]
[templates.hibootstrap.com/cognizance/default/index-4.html]
[templates.hibootstrap.com/cognizance/default/index-5.html]
[templates.hibootstrap.com/cognizance/default/index-6.html]
[templates.hibootstrap.com/cognizance/default/about-1.html]
[templates.hibootstrap.com/cognizance/default/about-2.html]
[templates.hibootstrap.com/cognizance/default/live-map-tracker.html]
[templates.hibootstrap.com/cognizance/default/doctors.html]
[templates.hibootstrap.com/cognizance/default/prevention.html]
[templates.hibootstrap.com/cognizance/default/appointment.html]
[templates.hibootstrap.com/cognizance/default/spread.html]
[templates.hibootstrap.com/cognizance/default/out-break.html]
[templates.hibootstrap.com/cognizance/default/products.html]
[templates.hibootstrap.com/cognizance/default/cart.html]
[templates.hibootstrap.com/cognizance/default/checkout.html]
[templates.hibootstrap.com/cognizance/default/single-products.html]
[templates.hibootstrap.com/cognizance/default/faq.html]
[templates.hibootstrap.com/cognizance/default/error-404.html]
[templates.hibootstrap.com/cognizance/default/coming-soon.html]
[templates.hibootstrap.com/cognizance/default/blog-1.html]
[templates.hibootstrap.com/cognizance/default/blog-2.html]
[templates.hibootstrap.com/cognizance/default/single-post.html]
[templates.hibootstrap.com/cognizance/default/contact.html]
[templates.hibootstrap.com/cognizance/default/assets/img/banner-img1.png]
[templates.hibootstrap.com/cognizance/default/assets/img/banner-img2.png]
[templates.hibootstrap.com/cognizance/default/assets/img/banner-img3.png]
[templates.hibootstrap.com/cognizance/default/assets/img/about-img1.jpg]
[templates.hibootstrap.com/cognizance/default/assets/img/about-img2.jpg]
[templates.hibootstrap.com/cognizance/default/assets/img/man.png]
[templates.hibootstrap.com/cognizance/default/assets/img/spread-virus/img1.jpg]
[templates.hibootstrap.com/cognizance/default/assets/img/spread-virus/img2.jpg]
[templates.hibootstrap.com/cognizance/default/assets/img/spread-virus/img3.jpg]
[templates.hibootstrap.com/cognizance/default/assets/img/symptoms-img.png]
[templates.hibootstrap.com/cognizance/default/assets/img/funfacts.jpg]
[templates.hibootstrap.com/cognizance/default/assets/img/icon1.png]
[templates.hibootstrap.com/cognizance/default/assets/img/how-to-protect/img1.jpg]
[templates.hibootstrap.com/cognizance/default/assets/img/how-to-protect/img2.jpg]
[templates.hibootstrap.com/cognizance/default/assets/img/how-to-protect/img3.jpg]
[templates.hibootstrap.com/cognizance/default/assets/img/how-to-protect/img4.jpg]
[templates.hibootstrap.com/cognizance/default/assets/img/how-to-protect/img5.jpg]
[templates.hibootstrap.com/cognizance/default/assets/img/how-to-protect/img6.jpg]
[templates.hibootstrap.com/cognizance/default/assets/img/how-to-protect/shape1.png]
[templates.hibootstrap.com/cognizance/default/assets/img/how-to-protect/shape2.png]
[templates.hibootstrap.com/cognizance/default/assets/img/how-to-protect/shape3.png]
[templates.hibootstrap.com/cognizance/default/assets/img/how-to-protect/shape4.png]
[templates.hibootstrap.com/cognizance/default/assets/img/faq-img.jpg]
[templates.hibootstrap.com/cognizance/default/assets/img/faq-shape1.png]
[templates.hibootstrap.com/cognizance/default/assets/img/faq-shape2.png]
[templates.hibootstrap.com/cognizance/default/assets/img/doctors/img1.jpg]
[templates.hibootstrap.com/cognizance/default/assets/img/doctors/img2.jpg]
[templates.hibootstrap.com/cognizance/default/assets/img/doctors/img3.jpg]
[templates.hibootstrap.com/cognizance/default/assets/img/products/img1.jpg]
[templates.hibootstrap.com/cognizance/default/assets/img/products/img2.jpg]
[templates.hibootstrap.com/cognizance/default/assets/img/products/img3.jpg]
[templates.hibootstrap.com/cognizance/default/assets/img/products/img4.jpg]
[templates.hibootstrap.com/cognizance/default/assets/img/products/img5.jpg]
[templates.hibootstrap.com/cognizance/default/assets/img/products/img6.jpg]
[templates.hibootstrap.com/cognizance/default/assets/img/products/img7.jpg]
[templates.hibootstrap.com/cognizance/default/assets/img/products/img8.jpg]
[templates.hibootstrap.com/cognizance/default/assets/img/blog/img1.jpg]
[templates.hibootstrap.com/cognizance/default/assets/img/blog/small-img1.jpg]
[templates.hibootstrap.com/cognizance/default/assets/img/blog/small-img2.jpg]
[templates.hibootstrap.com/cognizance/default/assets/img/blog/small-img3.jpg]
[templates.hibootstrap.com/cognizance/default/assets/img/footer-shape1.png]
[templates.hibootstrap.com/cognizance/default/assets/img/footer-shape2.png]
[templates.hibootstrap.com/cognizance/default/assets/img/footer-shape3.png]
[templates.hibootstrap.com/cdn-cgi/scripts/5c5dd728/cloudflare-static/email-decode.min.js]
[templates.hibootstrap.com/cognizance/default/assets/js/jquery.min.js]
[templates.hibootstrap.com/cognizance/default/assets/js/bootstrap.bundle.min.js]
[templates.hibootstrap.com/cognizance/default/assets/js/parallax.min.js]
[templates.hibootstrap.com/cognizance/default/assets/js/mixitup.min.js]
[templates.hibootstrap.com/cognizance/default/assets/js/datatables.min.js]
[templates.hibootstrap.com/cognizance/default/assets/js/owl.carousel.min.js]
[templates.hibootstrap.com/cognizance/default/assets/js/magnific-popup.min.js]
[templates.hibootstrap.com/cognizance/default/assets/js/appear.min.js]
[templates.hibootstrap.com/cognizance/default/assets/js/odometer.min.js]
[templates.hibootstrap.com/cognizance/default/assets/js/slick.min.js]
[templates.hibootstrap.com/cognizance/default/assets/js/meanmenu.min.js]
[templates.hibootstrap.com/cognizance/default/assets/js/wow.min.js]
[templates.hibootstrap.com/cognizance/default/assets/js/nice-select.min.js]
[templates.hibootstrap.com/cognizance/default/assets/js/form-validator.min.js]
[templates.hibootstrap.com/cognizance/default/assets/js/contact-form-script.js]
[templates.hibootstrap.com/cognizance/default/assets/js/ajaxchimp.min.js]
[templates.hibootstrap.com/cognizance/default/index.html]
[templates.hibootstrap.com/cognizance/default/assets/css/bootstrap.min.css]
[templates.hibootstrap.com/cognizance/default/assets/css/animate.min.css]
[templates.hibootstrap.com/cognizance/default/assets/js/main.js]
[templates.hibootstrap.com/cognizance/default/assets/css/owl.video.play.png]
[templates.hibootstrap.com/cognizance/default/assets/css/owl.carousel.min.css]
[templates.hibootstrap.com/cognizance/default/assets/fonts/Flaticon.eot]
[templates.hibootstrap.com/cognizance/default/assets/fonts/Flaticond41d.eot]
[templates.hibootstrap.com/cognizance/default/assets/fonts/Flaticon.woff2]
[templates.hibootstrap.com/cognizance/default/assets/fonts/Flaticon.woff]
[templates.hibootstrap.com/cognizance/default/assets/fonts/Flaticon.ttf]
[templates.hibootstrap.com/cognizance/default/assets/css/flaticon.css]
[templates.hibootstrap.com/cognizance/default/assets/css/magnific-popup.min.css]
[templates.hibootstrap.com/cognizance/default/assets/css/meanmenu.min.css]
[templates.hibootstrap.com/cognizance/default/assets/fonts/Flaticon.svg]
[templates.hibootstrap.com/cognizance/default/assets/fonts/boxicons.eot]
[templates.hibootstrap.com/cognizance/default/assets/fonts/boxicons.woff2]
[templates.hibootstrap.com/cognizance/default/assets/fonts/boxicons.woff]
[templates.hibootstrap.com/cognizance/default/assets/fonts/boxicons.ttf]
[templates.hibootstrap.com/cognizance/default/assets/css/boxicons.min.css]
[templates.hibootstrap.com/cognizance/default/assets/css/nice-select.min.css]
[templates.hibootstrap.com/cognizance/default/assets/css/slick.min.css]
[templates.hibootstrap.com/cognizance/default/assets/css/odometer.min.css]
[templates.hibootstrap.com/cognizance/default/assets/img/sort_both.png]
[templates.hibootstrap.com/cognizance/default/assets/fonts/boxiconsd41d.svg]
[templates.hibootstrap.com/cognizance/default/assets/img/sort_asc.png]
[templates.hibootstrap.com/cognizance/default/assets/img/sort_desc.png]
[templates.hibootstrap.com/cognizance/default/assets/img/sort_asc_disabled.png]
[templates.hibootstrap.com/cognizance/default/assets/img/sort_desc_disabled.png]
[templates.hibootstrap.com/cognizance/default/assets/css/datatables.min.css]
[templates.hibootstrap.com/cognizance/default/assets/img/main-banner1.jpg]
[templates.hibootstrap.com/cognizance/default/assets/img/main-banner2.jpg]
[templates.hibootstrap.com/cognizance/default/assets/img/main-banner3.jpg]
[templates.hibootstrap.com/cognizance/default/assets/img/main-banner6.jpg]
[templates.hibootstrap.com/cognizance/default/assets/img/main-banner7.jpg]
[templates.hibootstrap.com/cognizance/default/assets/img/banner-bg.jpg]
[templates.hibootstrap.com/cognizance/default/assets/img/main-banner4.jpg]
[templates.hibootstrap.com/cognizance/default/assets/img/main-banner5.jpg]
[templates.hibootstrap.com/cognizance/default/assets/img/cta-bg.jpg]
[templates.hibootstrap.com/cognizance/default/assets/img/symptoms-bg.jpg]
[templates.hibootstrap.com/cognizance/default/assets/img/funfacts-bg.jpg]
[templates.hibootstrap.com/cognizance/default/assets/img/funfacts-shape.png]
[templates.hibootstrap.com/cognizance/default/assets/img/funfacts-shape2.png]
[templates.hibootstrap.com/cognizance/default/assets/img/emergency-contact-bg.jpg]
[templates.hibootstrap.com/cognizance/default/assets/img/blog/img7.jpg]
[templates.hibootstrap.com/cognizance/default/assets/img/blog/img8.jpg]
[templates.hibootstrap.com/cognizance/default/assets/img/blog/img5.jpg]
[templates.hibootstrap.com/cognizance/default/assets/img/coming-soon-bg.jpg]
[templates.hibootstrap.com/cognizance/default/assets/css/style.css]
[templates.hibootstrap.com/cognizance/default/assets/img/night.png]
[templates.hibootstrap.com/cognizance/default/assets/img/sunny.png]
[templates.hibootstrap.com/cognizance/default/assets/css/dark.css]
[templates.hibootstrap.com/cognizance/default/assets/css/responsive.css]
[templates.hibootstrap.com/cognizance/default/assets/img/banner-img4.png]
[templates.hibootstrap.com/cognizance/default/assets/img/spread-virus/img4.jpg]
[templates.hibootstrap.com/cognizance/default/assets/img/circle-shape.png]
[templates.hibootstrap.com/cognizance/default/assets/img/circle-shape2.png]
[templates.hibootstrap.com/cognizance/default/assets/img/icon2.png]
[templates.hibootstrap.com/cognizance/default/assets/img/icon3.png]
[templates.hibootstrap.com/cognizance/default/assets/img/spread-virus/img5.jpg]
[templates.hibootstrap.com/cognizance/default/assets/img/spread-virus/img6.jpg]
[templates.hibootstrap.com/cognizance/default/assets/img/icon4.png]
[templates.hibootstrap.com/cognizance/default/assets/img/spread-shape1.png]
[templates.hibootstrap.com/cognizance/default/assets/img/spread-shape2.png]
[templates.hibootstrap.com/cognizance/default/assets/img/how-to-protect/img.png]
[templates.hibootstrap.com/cognizance/default/assets/img/funfacts2.jpg]
[templates.hibootstrap.com/cognizance/default/assets/img/map-shape.png]
[templates.hibootstrap.com/cognizance/default/index-2.html]
[templates.hibootstrap.com/cognizance/default/assets/img/icon5.png]
[templates.hibootstrap.com/cognizance/default/assets/img/icon6.png]
[templates.hibootstrap.com/cognizance/default/assets/img/icon7.png]
[templates.hibootstrap.com/cognizance/default/assets/img/icon8.png]
[templates.hibootstrap.com/cognizance/default/assets/img/banner-map.png]
[templates.hibootstrap.com/cognizance/default/assets/img/symptoms-icon1.png]
[templates.hibootstrap.com/cognizance/default/assets/img/symptoms-icon2.png]
[templates.hibootstrap.com/cognizance/default/assets/img/symptoms-icon3.png]
[templates.hibootstrap.com/cognizance/default/assets/img/symptoms-img2.png]
[templates.hibootstrap.com/cognizance/default/assets/img/symptoms-icon4.png]
[templates.hibootstrap.com/cognizance/default/assets/img/symptoms-icon5.png]
[templates.hibootstrap.com/cognizance/default/assets/img/symptoms-icon6.png]
[templates.hibootstrap.com/cognizance/default/assets/img/symptoms-shape1.png]
[templates.hibootstrap.com/cognizance/default/assets/img/symptoms-shape2.png]
[templates.hibootstrap.com/cognizance/default/assets/img/about-img3.png]
[templates.hibootstrap.com/cognizance/default/assets/img/about-shape2.png]
[templates.hibootstrap.com/cognizance/default/assets/img/spread-virus/icon1.png]
[templates.hibootstrap.com/cognizance/default/assets/img/spread-virus/icon2.png]
[templates.hibootstrap.com/cognizance/default/assets/img/spread-virus/icon3.png]
[templates.hibootstrap.com/cognizance/default/assets/img/spread-virus/spread-img.png]
[templates.hibootstrap.com/cognizance/default/assets/img/spread-virus/spread-shape.png]
[templates.hibootstrap.com/cognizance/default/assets/img/prevention-icon1.png]
[templates.hibootstrap.com/cognizance/default/assets/img/prevention-icon2.png]
[templates.hibootstrap.com/cognizance/default/assets/img/prevention-icon3.png]
[templates.hibootstrap.com/cognizance/default/assets/img/prevention-icon4.png]
[templates.hibootstrap.com/cognizance/default/assets/img/prevention-icon5.png]
[templates.hibootstrap.com/cognizance/default/assets/img/prevention-icon6.png]
[templates.hibootstrap.com/cognizance/default/assets/img/prevention-icon7.png]
[templates.hibootstrap.com/cognizance/default/assets/img/prevention-icon8.png]
[templates.hibootstrap.com/cognizance/default/assets/img/prevention-shape1.png]
[templates.hibootstrap.com/cognizance/default/assets/img/prevention-shape2.png]
[templates.hibootstrap.com/cognizance/default/assets/img/prevention-shape3.png]
[templates.hibootstrap.com/cognizance/default/assets/img/prevention-shape4.png]
[templates.hibootstrap.com/cognizance/default/assets/img/faq-img2.jpg]
[templates.hibootstrap.com/cognizance/default/index-3.html]
[templates.hibootstrap.com/cognizance/default/assets/img/about-img4.jpg]
[templates.hibootstrap.com/cognizance/default/assets/img/about-img5.jpg]
[templates.hibootstrap.com/cognizance/default/assets/img/about-img6.jpg]
[templates.hibootstrap.com/cognizance/default/assets/img/blog/img2.jpg]
[templates.hibootstrap.com/cognizance/default/assets/img/blog/img3.jpg]
[templates.hibootstrap.com/cognizance/default/index-4.html]
[templates.hibootstrap.com/cognizance/default/index-5.html]
[templates.hibootstrap.com/cognizance/default/assets/img/corona1.png]
[templates.hibootstrap.com/cognizance/default/assets/img/corona2.png]
[templates.hibootstrap.com/cognizance/default/assets/img/corona3.png]
[templates.hibootstrap.com/cognizance/default/index-6.html]
[templates.hibootstrap.com/cognizance/default/about-1.html]
[templates.hibootstrap.com/cognizance/default/about-2.html]
[templates.hibootstrap.com/cognizance/default/live-map-tracker.html]
[templates.hibootstrap.com/cognizance/default/assets/img/doctors/img4.jpg]
[templates.hibootstrap.com/cognizance/default/assets/img/doctors/img5.jpg]
[templates.hibootstrap.com/cognizance/default/assets/img/doctors/img6.jpg]
[templates.hibootstrap.com/cognizance/default/doctors.html]
[templates.hibootstrap.com/cognizance/default/prevention.html]
[templates.hibootstrap.com/cognizance/default/appointment.html]
[templates.hibootstrap.com/cognizance/default/spread.html]
[templates.hibootstrap.com/cognizance/default/out-break.html]
[templates.hibootstrap.com/cognizance/default/products.html]
[templates.hibootstrap.com/cognizance/default/cart.html]
[templates.hibootstrap.com/cognizance/default/login.html]
[templates.hibootstrap.com/cognizance/default/checkout.html]
[templates.hibootstrap.com/cognizance/default/single-products.html]
[templates.hibootstrap.com/cognizance/default/faq.html]
[templates.hibootstrap.com/cognizance/default/error-404.html]
[templates.hibootstrap.com/cognizance/default/coming-soon.html]
[templates.hibootstrap.com/cognizance/default/assets/img/blog/img4.jpg]
[templates.hibootstrap.com/cognizance/default/assets/img/blog/img6.jpg]
[templates.hibootstrap.com/cognizance/default/blog-1.html]
[templates.hibootstrap.com/cognizance/default/blog-2.html]
[templates.hibootstrap.com/cognizance/default/assets/img/user1.jpg]
[templates.hibootstrap.com/cognizance/default/assets/img/user2.jpg]
[templates.hibootstrap.com/cognizance/default/assets/img/user3.jpg]
[templates.hibootstrap.com/cognizance/default/assets/img/user4.jpg]
[templates.hibootstrap.com/cognizance/default/single-post.html]
[templates.hibootstrap.com/cognizance/default/contact.html]
[templates.hibootstrap.com/cognizance/default/assets/css/owl.video.play.html]
[templates.hibootstrap.com/cognizance/default/assets/fonts/Flaticon.svg]
[templates.hibootstrap.com/cognizance/default/assets/fonts/boxiconsd41d.svg]
[templates.hibootstrap.com/cognizance/default/login.html]
